// Jest Snapshot v1, https://goo.gl/fbAQLP

exports[`Pruebas en <GifItem/> debe hacer match con el snapshot 1`] = `
<div>
  <div
    class="card"
  >
    <img
      alt="Titulo del GIF"
      src="https://media1.giphy.com/media/3o7btLwJW1QqQqQqZS/giphy.gif"
    />
    <p>
      Titulo del GIF
    </p>
  </div>
</div>
`;
